{
    "Parameters: default": {
        "content": [
            {
                "0": [
                    [
                        {
                            "id": "test_paired_end",
                            "single_end": false
                        },
                        [
                            "SRR11140744.fastq.gz:md5,96a821b351f3a450889a38e7099f7b95",
                            "SRR11140744_1.fastq.gz:md5,8573015c91d099b6e30789f8bab2f43c",
                            "SRR11140744_2.fastq.gz:md5,37e6f719a022dc3c9994c80fbc20c311"
                        ]
                    ],
                    [
                        {
                            "id": "test_single_end",
                            "single_end": true
                        },
                        "DRR000774.fastq.gz:md5,a110f93f7a9b0271455f5a435bce73c7"
                    ]
                ],
                "1": [
                    "versions.yml:md5,98d78bba9f3da39a0b7db6e9c7dcc224",
                    "versions.yml:md5,9c558ff624585a6eee82a19c8c0136db",
                    "versions.yml:md5,db0e1352064b53c651661f43f2620765"
                ],
                "reads": [
                    [
                        {
                            "id": "test_paired_end",
                            "single_end": false
                        },
                        [
                            "SRR11140744.fastq.gz:md5,96a821b351f3a450889a38e7099f7b95",
                            "SRR11140744_1.fastq.gz:md5,8573015c91d099b6e30789f8bab2f43c",
                            "SRR11140744_2.fastq.gz:md5,37e6f719a022dc3c9994c80fbc20c311"
                        ]
                    ],
                    [
                        {
                            "id": "test_single_end",
                            "single_end": true
                        },
                        "DRR000774.fastq.gz:md5,a110f93f7a9b0271455f5a435bce73c7"
                    ]
                ],
                "versions": [
                    "versions.yml:md5,98d78bba9f3da39a0b7db6e9c7dcc224",
                    "versions.yml:md5,9c558ff624585a6eee82a19c8c0136db",
                    "versions.yml:md5,db0e1352064b53c651661f43f2620765"
                ]
            }
        ],
        "timestamp": "2024-01-25T21:33:00.3373748"
    }
}